/Users/hiroshi/cursor/projects/proline_extractor/.venv/lib/python3.9/site-packages/google/auth/__init__.py:54: FutureWarning: 
    You are using a Python version 3.9 past its end of life. Google will update
    google-auth with critical bug fixes on a best-effort basis, but not
    with any other fixes or features. Please upgrade your Python version,
    and then update google-auth.
    
  warnings.warn(eol_message.format("3.9"), FutureWarning)
/Users/hiroshi/cursor/projects/proline_extractor/.venv/lib/python3.9/site-packages/google/oauth2/__init__.py:40: FutureWarning: 
    You are using a Python version 3.9 past its end of life. Google will update
    google-auth with critical bug fixes on a best-effort basis, but not
    with any other fixes or features. Please upgrade your Python version,
    and then update google-auth.
    
  warnings.warn(eol_message.format("3.9"), FutureWarning)
/Users/hiroshi/cursor/projects/proline_extractor/.venv/lib/python3.9/site-packages/urllib3/__init__.py:35: NotOpenSSLWarning: urllib3 v2 only supports OpenSSL 1.1.1+, currently the 'ssl' module is compiled with 'LibreSSL 2.8.3'. See: https://github.com/urllib3/urllib3/issues/3020
  warnings.warn(
Traceback (most recent call last):
  File "/Users/hiroshi/cursor/projects/proline_extractor/extractor.py", line 55, in get_friends_count
    await page.goto("https://autosns.jp/select-user", wait_until="domcontentloaded", timeout=60000)
  File "/Users/hiroshi/cursor/projects/proline_extractor/.venv/lib/python3.9/site-packages/playwright/async_api/_generated.py", line 9041, in goto
    await self._impl_obj.goto(
  File "/Users/hiroshi/cursor/projects/proline_extractor/.venv/lib/python3.9/site-packages/playwright/_impl/_page.py", line 552, in goto
    return await self._main_frame.goto(**locals_to_params(locals()))
  File "/Users/hiroshi/cursor/projects/proline_extractor/.venv/lib/python3.9/site-packages/playwright/_impl/_frame.py", line 153, in goto
    await self._channel.send(
  File "/Users/hiroshi/cursor/projects/proline_extractor/.venv/lib/python3.9/site-packages/playwright/_impl/_connection.py", line 69, in send
    return await self._connection.wrap_api_call(
  File "/Users/hiroshi/cursor/projects/proline_extractor/.venv/lib/python3.9/site-packages/playwright/_impl/_connection.py", line 559, in wrap_api_call
    raise rewrite_error(error, f"{parsed_st['apiName']}: {error}") from None
playwright._impl._errors.Error: Page.goto: net::ERR_INTERNET_DISCONNECTED at https://autosns.jp/select-user
Call log:
  - navigating to "https://autosns.jp/select-user", waiting until "domcontentloaded"

Traceback (most recent call last):
  File "/Users/hiroshi/cursor/projects/proline_extractor/extractor.py", line 137, in get_purchaser_count
    await page.goto("https://autosns.jp/select-user", wait_until="domcontentloaded", timeout=60000)
  File "/Users/hiroshi/cursor/projects/proline_extractor/.venv/lib/python3.9/site-packages/playwright/async_api/_generated.py", line 9041, in goto
    await self._impl_obj.goto(
  File "/Users/hiroshi/cursor/projects/proline_extractor/.venv/lib/python3.9/site-packages/playwright/_impl/_page.py", line 552, in goto
    return await self._main_frame.goto(**locals_to_params(locals()))
  File "/Users/hiroshi/cursor/projects/proline_extractor/.venv/lib/python3.9/site-packages/playwright/_impl/_frame.py", line 153, in goto
    await self._channel.send(
  File "/Users/hiroshi/cursor/projects/proline_extractor/.venv/lib/python3.9/site-packages/playwright/_impl/_connection.py", line 69, in send
    return await self._connection.wrap_api_call(
  File "/Users/hiroshi/cursor/projects/proline_extractor/.venv/lib/python3.9/site-packages/playwright/_impl/_connection.py", line 559, in wrap_api_call
    raise rewrite_error(error, f"{parsed_st['apiName']}: {error}") from None
playwright._impl._errors.Error: Page.goto: net::ERR_INTERNET_DISCONNECTED at https://autosns.jp/select-user
Call log:
  - navigating to "https://autosns.jp/select-user", waiting until "domcontentloaded"

==================================================
Proline KPI Export (Range: 45~15 days ago)
Time: 2026-01-19 09:07:24
==================================================

[1/3] Extracting KPI data from Proline...
=== Proline KPI Extractor (Range: 45~15 days ago) ===

--- Extracting Basic KPIs ---
Navigation warning: Page.goto: net::ERR_INTERNET_DISCONNECTED at https://autosns.jp/
Call log:
  - navigating to "https://autosns.jp/", waiting until "domcontentloaded"

Error extracting basic KPIs: Page.query_selector: Execution context was destroyed, most likely because of a navigation
Basic KPIs: {'days_from': 45, 'days_to': 15}

--- Extracting Friends Count (45~15 days ago) ---
Date range: 2025/12/05 ~ 2026/01/04
Navigating to user management page...
Error extracting friends count: Page.goto: net::ERR_INTERNET_DISCONNECTED at https://autosns.jp/select-user
Call log:
  - navigating to "https://autosns.jp/select-user", waiting until "domcontentloaded"

Could not extract friends count

--- Extracting Purchaser Count (45~15 days ago) ---
Date range: 2025/12/05 ~ 2026/01/04
Navigating to user management page...
Error extracting purchaser count: Page.goto: net::ERR_INTERNET_DISCONNECTED at https://autosns.jp/select-user
Call log:
  - navigating to "https://autosns.jp/select-user", waiting until "domcontentloaded"

Could not extract purchaser count

=== All KPIs extracted successfully ===
Output file: /Users/hiroshi/cursor/projects/proline_extractor/kpi_data.json
{
  "days_from": 45,
  "days_to": 15
}
Extracted: {
  "status": "success",
  "days_from": 45,
  "days_to": 15
}

[2/3] Connecting to Google Sheets...
ERROR: Failed to connect to Google Sheets: HTTPSConnectionPool(host='oauth2.googleapis.com', port=443): Max retries exceeded with url: /token (Caused by NameResolutionError("HTTPSConnection(host='oauth2.googleapis.com', port=443): Failed to resolve 'oauth2.googleapis.com' ([Errno 8] nodename nor servname provided, or not known)"))
/Users/hiroshi/cursor/projects/proline_extractor/.venv/lib/python3.9/site-packages/google/auth/__init__.py:54: FutureWarning: 
    You are using a Python version 3.9 past its end of life. Google will update
    google-auth with critical bug fixes on a best-effort basis, but not
    with any other fixes or features. Please upgrade your Python version,
    and then update google-auth.
    
  warnings.warn(eol_message.format("3.9"), FutureWarning)
/Users/hiroshi/cursor/projects/proline_extractor/.venv/lib/python3.9/site-packages/google/oauth2/__init__.py:40: FutureWarning: 
    You are using a Python version 3.9 past its end of life. Google will update
    google-auth with critical bug fixes on a best-effort basis, but not
    with any other fixes or features. Please upgrade your Python version,
    and then update google-auth.
    
  warnings.warn(eol_message.format("3.9"), FutureWarning)
/Users/hiroshi/cursor/projects/proline_extractor/.venv/lib/python3.9/site-packages/urllib3/__init__.py:35: NotOpenSSLWarning: urllib3 v2 only supports OpenSSL 1.1.1+, currently the 'ssl' module is compiled with 'LibreSSL 2.8.3'. See: https://github.com/urllib3/urllib3/issues/3020
  warnings.warn(
/Users/hiroshi/cursor/projects/proline_extractor/sheets_export.py:68: DeprecationWarning: The order of arguments in worksheet.update() has changed. Please pass values first and range_name secondor used named arguments (range_name=, values=)
  worksheet.update('A1:F1', [headers])
==================================================
Proline KPI Export (Range: 45~15 days ago)
Time: 2026-01-26 09:00:02
==================================================

[1/3] Extracting KPI data from Proline...
=== Proline KPI Extractor (Range: 45~15 days ago) ===

--- Extracting Basic KPIs ---
Basic KPIs: {'days_from': 45, 'days_to': 15}

--- Extracting Friends Count (45~15 days ago) ---
Date range: 2025/12/12 ~ 2026/01/11
Navigating to user management page...
Setting date filters...
Waiting for results...
Debug screenshot saved to: /Users/hiroshi/cursor/projects/proline_extractor/friends_debug.png
Could not extract friends count

--- Extracting Purchaser Count (45~15 days ago) ---
Date range: 2025/12/12 ~ 2026/01/11
Navigating to user management page...
Setting date filters...
Opening tag selection modal...
Modal open clicked: False
Selecting '購入者' tag...
Tag selection result: not_found
Saving selection...
Save button clicked: False
Could not extract purchaser count

=== All KPIs extracted successfully ===
Output file: /Users/hiroshi/cursor/projects/proline_extractor/kpi_data.json
{
  "days_from": 45,
  "days_to": 15
}
Extracted: {
  "status": "success",
  "days_from": 45,
  "days_to": 15
}

[2/3] Connecting to Google Sheets...
Updating headers to match new format...
Connected to: プロライン数字とり

[3/3] Appending data to spreadsheet...
Added row: ['2026-01-26 09:00', '', 0, 0, '0%', '45-15 days ago']
SUCCESS: Data exported to Google Sheets!

==================================================
Export completed successfully!
==================================================
/Users/hiroshi/cursor/projects/proline_extractor/.venv/lib/python3.9/site-packages/google/auth/__init__.py:54: FutureWarning: 
    You are using a Python version 3.9 past its end of life. Google will update
    google-auth with critical bug fixes on a best-effort basis, but not
    with any other fixes or features. Please upgrade your Python version,
    and then update google-auth.
    
  warnings.warn(eol_message.format("3.9"), FutureWarning)
/Users/hiroshi/cursor/projects/proline_extractor/.venv/lib/python3.9/site-packages/google/oauth2/__init__.py:40: FutureWarning: 
    You are using a Python version 3.9 past its end of life. Google will update
    google-auth with critical bug fixes on a best-effort basis, but not
    with any other fixes or features. Please upgrade your Python version,
    and then update google-auth.
    
  warnings.warn(eol_message.format("3.9"), FutureWarning)
/Users/hiroshi/cursor/projects/proline_extractor/.venv/lib/python3.9/site-packages/urllib3/__init__.py:35: NotOpenSSLWarning: urllib3 v2 only supports OpenSSL 1.1.1+, currently the 'ssl' module is compiled with 'LibreSSL 2.8.3'. See: https://github.com/urllib3/urllib3/issues/3020
  warnings.warn(
/Users/hiroshi/cursor/projects/proline_extractor/sheets_export.py:68: DeprecationWarning: The order of arguments in worksheet.update() has changed. Please pass values first and range_name secondor used named arguments (range_name=, values=)
  worksheet.update('A1:F1', [headers])
==================================================
Proline KPI Export (Range: 45~15 days ago)
Time: 2026-02-02 09:02:54
==================================================

[1/3] Extracting KPI data from Proline...
=== Proline KPI Extractor (Range: 45~15 days ago) ===

--- Extracting Basic KPIs ---
Basic KPIs: {'days_from': 45, 'days_to': 15}

--- Extracting Friends Count (45~15 days ago) ---
Date range: 2025/12/19 ~ 2026/01/18
Navigating to user management page...
Setting date filters...
Waiting for results...
Debug screenshot saved to: /Users/hiroshi/cursor/projects/proline_extractor/friends_debug.png
Could not extract friends count

--- Extracting Purchaser Count (45~15 days ago) ---
Date range: 2025/12/19 ~ 2026/01/18
Navigating to user management page...
Setting date filters...
Opening tag selection modal...
Modal open clicked: False
Selecting '購入者' tag...
Tag selection result: not_found
Saving selection...
Save button clicked: False
Could not extract purchaser count

=== All KPIs extracted successfully ===
Output file: /Users/hiroshi/cursor/projects/proline_extractor/kpi_data.json
{
  "days_from": 45,
  "days_to": 15
}
Extracted: {
  "status": "success",
  "days_from": 45,
  "days_to": 15
}

[2/3] Connecting to Google Sheets...
Updating headers to match new format...
Connected to: プロライン数字とり

[3/3] Appending data to spreadsheet...
Added row: ['2026-02-02 09:03', '', 0, 0, '0%', '45-15 days ago']
SUCCESS: Data exported to Google Sheets!

==================================================
Export completed successfully!
==================================================
/Users/hiroshi/cursor/projects/proline_extractor/.venv/lib/python3.9/site-packages/google/auth/__init__.py:54: FutureWarning: 
    You are using a Python version 3.9 past its end of life. Google will update
    google-auth with critical bug fixes on a best-effort basis, but not
    with any other fixes or features. Please upgrade your Python version,
    and then update google-auth.
    
  warnings.warn(eol_message.format("3.9"), FutureWarning)
/Users/hiroshi/cursor/projects/proline_extractor/.venv/lib/python3.9/site-packages/google/oauth2/__init__.py:40: FutureWarning: 
    You are using a Python version 3.9 past its end of life. Google will update
    google-auth with critical bug fixes on a best-effort basis, but not
    with any other fixes or features. Please upgrade your Python version,
    and then update google-auth.
    
  warnings.warn(eol_message.format("3.9"), FutureWarning)
/Users/hiroshi/cursor/projects/proline_extractor/.venv/lib/python3.9/site-packages/urllib3/__init__.py:35: NotOpenSSLWarning: urllib3 v2 only supports OpenSSL 1.1.1+, currently the 'ssl' module is compiled with 'LibreSSL 2.8.3'. See: https://github.com/urllib3/urllib3/issues/3020
  warnings.warn(
Traceback (most recent call last):
  File "/Users/hiroshi/cursor/projects/proline_extractor/extractor.py", line 55, in get_friends_count
    await page.goto("https://autosns.jp/select-user", wait_until="domcontentloaded", timeout=60000)
  File "/Users/hiroshi/cursor/projects/proline_extractor/.venv/lib/python3.9/site-packages/playwright/async_api/_generated.py", line 9041, in goto
    await self._impl_obj.goto(
  File "/Users/hiroshi/cursor/projects/proline_extractor/.venv/lib/python3.9/site-packages/playwright/_impl/_page.py", line 552, in goto
    return await self._main_frame.goto(**locals_to_params(locals()))
  File "/Users/hiroshi/cursor/projects/proline_extractor/.venv/lib/python3.9/site-packages/playwright/_impl/_frame.py", line 153, in goto
    await self._channel.send(
  File "/Users/hiroshi/cursor/projects/proline_extractor/.venv/lib/python3.9/site-packages/playwright/_impl/_connection.py", line 69, in send
    return await self._connection.wrap_api_call(
  File "/Users/hiroshi/cursor/projects/proline_extractor/.venv/lib/python3.9/site-packages/playwright/_impl/_connection.py", line 559, in wrap_api_call
    raise rewrite_error(error, f"{parsed_st['apiName']}: {error}") from None
playwright._impl._errors.Error: Page.goto: net::ERR_INTERNET_DISCONNECTED at https://autosns.jp/select-user
Call log:
  - navigating to "https://autosns.jp/select-user", waiting until "domcontentloaded"

Traceback (most recent call last):
  File "/Users/hiroshi/cursor/projects/proline_extractor/extractor.py", line 137, in get_purchaser_count
    await page.goto("https://autosns.jp/select-user", wait_until="domcontentloaded", timeout=60000)
  File "/Users/hiroshi/cursor/projects/proline_extractor/.venv/lib/python3.9/site-packages/playwright/async_api/_generated.py", line 9041, in goto
    await self._impl_obj.goto(
  File "/Users/hiroshi/cursor/projects/proline_extractor/.venv/lib/python3.9/site-packages/playwright/_impl/_page.py", line 552, in goto
    return await self._main_frame.goto(**locals_to_params(locals()))
  File "/Users/hiroshi/cursor/projects/proline_extractor/.venv/lib/python3.9/site-packages/playwright/_impl/_frame.py", line 153, in goto
    await self._channel.send(
  File "/Users/hiroshi/cursor/projects/proline_extractor/.venv/lib/python3.9/site-packages/playwright/_impl/_connection.py", line 69, in send
    return await self._connection.wrap_api_call(
  File "/Users/hiroshi/cursor/projects/proline_extractor/.venv/lib/python3.9/site-packages/playwright/_impl/_connection.py", line 559, in wrap_api_call
    raise rewrite_error(error, f"{parsed_st['apiName']}: {error}") from None
playwright._impl._errors.Error: Page.goto: net::ERR_INTERNET_DISCONNECTED at https://autosns.jp/select-user
Call log:
  - navigating to "https://autosns.jp/select-user", waiting until "domcontentloaded"

==================================================
Proline KPI Export (Range: 45~15 days ago)
Time: 2026-02-09 09:09:37
==================================================

[1/3] Extracting KPI data from Proline...
=== Proline KPI Extractor (Range: 45~15 days ago) ===

--- Extracting Basic KPIs ---
Navigation warning: Page.goto: net::ERR_INTERNET_DISCONNECTED at https://autosns.jp/
Call log:
  - navigating to "https://autosns.jp/", waiting until "domcontentloaded"

Error extracting basic KPIs: Page.query_selector: Execution context was destroyed, most likely because of a navigation
Basic KPIs: {'days_from': 45, 'days_to': 15}

--- Extracting Friends Count (45~15 days ago) ---
Date range: 2025/12/26 ~ 2026/01/25
Navigating to user management page...
Error extracting friends count: Page.goto: net::ERR_INTERNET_DISCONNECTED at https://autosns.jp/select-user
Call log:
  - navigating to "https://autosns.jp/select-user", waiting until "domcontentloaded"

Could not extract friends count

--- Extracting Purchaser Count (45~15 days ago) ---
Date range: 2025/12/26 ~ 2026/01/25
Navigating to user management page...
Error extracting purchaser count: Page.goto: net::ERR_INTERNET_DISCONNECTED at https://autosns.jp/select-user
Call log:
  - navigating to "https://autosns.jp/select-user", waiting until "domcontentloaded"

Could not extract purchaser count

=== All KPIs extracted successfully ===
Output file: /Users/hiroshi/cursor/projects/proline_extractor/kpi_data.json
{
  "days_from": 45,
  "days_to": 15
}
Extracted: {
  "status": "success",
  "days_from": 45,
  "days_to": 15
}

[2/3] Connecting to Google Sheets...
ERROR: Failed to connect to Google Sheets: HTTPSConnectionPool(host='oauth2.googleapis.com', port=443): Max retries exceeded with url: /token (Caused by NameResolutionError("HTTPSConnection(host='oauth2.googleapis.com', port=443): Failed to resolve 'oauth2.googleapis.com' ([Errno 8] nodename nor servname provided, or not known)"))
/Users/hiroshi/cursor/projects/proline_extractor/.venv/lib/python3.9/site-packages/google/auth/__init__.py:54: FutureWarning: 
    You are using a Python version 3.9 past its end of life. Google will update
    google-auth with critical bug fixes on a best-effort basis, but not
    with any other fixes or features. Please upgrade your Python version,
    and then update google-auth.
    
  warnings.warn(eol_message.format("3.9"), FutureWarning)
/Users/hiroshi/cursor/projects/proline_extractor/.venv/lib/python3.9/site-packages/google/oauth2/__init__.py:40: FutureWarning: 
    You are using a Python version 3.9 past its end of life. Google will update
    google-auth with critical bug fixes on a best-effort basis, but not
    with any other fixes or features. Please upgrade your Python version,
    and then update google-auth.
    
  warnings.warn(eol_message.format("3.9"), FutureWarning)
/Users/hiroshi/cursor/projects/proline_extractor/.venv/lib/python3.9/site-packages/urllib3/__init__.py:35: NotOpenSSLWarning: urllib3 v2 only supports OpenSSL 1.1.1+, currently the 'ssl' module is compiled with 'LibreSSL 2.8.3'. See: https://github.com/urllib3/urllib3/issues/3020
  warnings.warn(
Traceback (most recent call last):
  File "/Users/hiroshi/cursor/projects/proline_extractor/extractor.py", line 55, in get_friends_count
    await page.goto("https://autosns.jp/select-user", wait_until="domcontentloaded", timeout=60000)
  File "/Users/hiroshi/cursor/projects/proline_extractor/.venv/lib/python3.9/site-packages/playwright/async_api/_generated.py", line 9041, in goto
    await self._impl_obj.goto(
  File "/Users/hiroshi/cursor/projects/proline_extractor/.venv/lib/python3.9/site-packages/playwright/_impl/_page.py", line 552, in goto
    return await self._main_frame.goto(**locals_to_params(locals()))
  File "/Users/hiroshi/cursor/projects/proline_extractor/.venv/lib/python3.9/site-packages/playwright/_impl/_frame.py", line 153, in goto
    await self._channel.send(
  File "/Users/hiroshi/cursor/projects/proline_extractor/.venv/lib/python3.9/site-packages/playwright/_impl/_connection.py", line 69, in send
    return await self._connection.wrap_api_call(
  File "/Users/hiroshi/cursor/projects/proline_extractor/.venv/lib/python3.9/site-packages/playwright/_impl/_connection.py", line 559, in wrap_api_call
    raise rewrite_error(error, f"{parsed_st['apiName']}: {error}") from None
playwright._impl._errors.TimeoutError: Page.goto: Timeout 60000ms exceeded.
Call log:
  - navigating to "https://autosns.jp/select-user", waiting until "domcontentloaded"

Traceback (most recent call last):
  File "/Users/hiroshi/cursor/projects/proline_extractor/extractor.py", line 137, in get_purchaser_count
    await page.goto("https://autosns.jp/select-user", wait_until="domcontentloaded", timeout=60000)
  File "/Users/hiroshi/cursor/projects/proline_extractor/.venv/lib/python3.9/site-packages/playwright/async_api/_generated.py", line 9041, in goto
    await self._impl_obj.goto(
  File "/Users/hiroshi/cursor/projects/proline_extractor/.venv/lib/python3.9/site-packages/playwright/_impl/_page.py", line 552, in goto
    return await self._main_frame.goto(**locals_to_params(locals()))
  File "/Users/hiroshi/cursor/projects/proline_extractor/.venv/lib/python3.9/site-packages/playwright/_impl/_frame.py", line 153, in goto
    await self._channel.send(
  File "/Users/hiroshi/cursor/projects/proline_extractor/.venv/lib/python3.9/site-packages/playwright/_impl/_connection.py", line 69, in send
    return await self._connection.wrap_api_call(
  File "/Users/hiroshi/cursor/projects/proline_extractor/.venv/lib/python3.9/site-packages/playwright/_impl/_connection.py", line 559, in wrap_api_call
    raise rewrite_error(error, f"{parsed_st['apiName']}: {error}") from None
playwright._impl._errors.TimeoutError: Page.goto: Timeout 60000ms exceeded.
Call log:
  - navigating to "https://autosns.jp/select-user", waiting until "domcontentloaded"

/Users/hiroshi/cursor/projects/proline_extractor/sheets_export.py:68: DeprecationWarning: The order of arguments in worksheet.update() has changed. Please pass values first and range_name secondor used named arguments (range_name=, values=)
  worksheet.update('A1:F1', [headers])
==================================================
Proline KPI Export (Range: 45~15 days ago)
Time: 2026-02-16 09:11:22
==================================================

[1/3] Extracting KPI data from Proline...
=== Proline KPI Extractor (Range: 45~15 days ago) ===

--- Extracting Basic KPIs ---
Basic KPIs: {'user_count': '22738', 'plan_name': 'ゴールドプラン', 'account_name': 'ゼンタングルふるはし美鳥CZT', 'days_from': 45, 'days_to': 15}

--- Extracting Friends Count (45~15 days ago) ---
Date range: 2026/01/02 ~ 2026/02/01
Navigating to user management page...
Error extracting friends count: Page.goto: Timeout 60000ms exceeded.
Call log:
  - navigating to "https://autosns.jp/select-user", waiting until "domcontentloaded"

Could not extract friends count

--- Extracting Purchaser Count (45~15 days ago) ---
Date range: 2026/01/02 ~ 2026/02/01
Navigating to user management page...
Error extracting purchaser count: Page.goto: Timeout 60000ms exceeded.
Call log:
  - navigating to "https://autosns.jp/select-user", waiting until "domcontentloaded"

Could not extract purchaser count

=== All KPIs extracted successfully ===
Output file: /Users/hiroshi/cursor/projects/proline_extractor/kpi_data.json
{
  "user_count": "22738",
  "plan_name": "ゴールドプラン",
  "account_name": "ゼンタングルふるはし美鳥CZT",
  "days_from": 45,
  "days_to": 15
}
Extracted: {
  "status": "success",
  "user_count": "22738",
  "plan_name": "ゴールドプラン",
  "account_name": "ゼンタングルふるはし美鳥CZT",
  "days_from": 45,
  "days_to": 15
}

[2/3] Connecting to Google Sheets...
Updating headers to match new format...
Connected to: プロライン数字とり

[3/3] Appending data to spreadsheet...
Added row: ['2026-02-16 09:58', '22738', 0, 0, '0%', '45-15 days ago']
SUCCESS: Data exported to Google Sheets!

==================================================
Export completed successfully!
==================================================
/Users/hiroshi/cursor/projects/proline_extractor/.venv/lib/python3.9/site-packages/google/auth/__init__.py:54: FutureWarning: 
    You are using a Python version 3.9 past its end of life. Google will update
    google-auth with critical bug fixes on a best-effort basis, but not
    with any other fixes or features. Please upgrade your Python version,
    and then update google-auth.
    
  warnings.warn(eol_message.format("3.9"), FutureWarning)
/Users/hiroshi/cursor/projects/proline_extractor/.venv/lib/python3.9/site-packages/google/oauth2/__init__.py:40: FutureWarning: 
    You are using a Python version 3.9 past its end of life. Google will update
    google-auth with critical bug fixes on a best-effort basis, but not
    with any other fixes or features. Please upgrade your Python version,
    and then update google-auth.
    
  warnings.warn(eol_message.format("3.9"), FutureWarning)
/Users/hiroshi/cursor/projects/proline_extractor/.venv/lib/python3.9/site-packages/urllib3/__init__.py:35: NotOpenSSLWarning: urllib3 v2 only supports OpenSSL 1.1.1+, currently the 'ssl' module is compiled with 'LibreSSL 2.8.3'. See: https://github.com/urllib3/urllib3/issues/3020
  warnings.warn(
/Users/hiroshi/cursor/projects/proline_extractor/sheets_export.py:68: DeprecationWarning: The order of arguments in worksheet.update() has changed. Please pass values first and range_name secondor used named arguments (range_name=, values=)
  worksheet.update('A1:F1', [headers])
==================================================
Proline KPI Export (Range: 45~15 days ago)
Time: 2026-02-23 09:06:23
==================================================

[1/3] Extracting KPI data from Proline...
=== Proline KPI Extractor (Range: 45~15 days ago) ===

--- Extracting Basic KPIs ---
Basic KPIs: {'days_from': 45, 'days_to': 15}

--- Extracting Friends Count (45~15 days ago) ---
Date range: 2026/01/09 ~ 2026/02/08
Navigating to user management page...
Setting date filters...
Waiting for results...
Debug screenshot saved to: /Users/hiroshi/cursor/projects/proline_extractor/friends_debug.png
Could not extract friends count

--- Extracting Purchaser Count (45~15 days ago) ---
Date range: 2026/01/09 ~ 2026/02/08
Navigating to user management page...
Setting date filters...
Opening tag selection modal...
Modal open clicked: False
Selecting '購入者' tag...
Tag selection result: not_found
Saving selection...
Save button clicked: False
Could not extract purchaser count

=== All KPIs extracted successfully ===
Output file: /Users/hiroshi/cursor/projects/proline_extractor/kpi_data.json
{
  "days_from": 45,
  "days_to": 15
}
Extracted: {
  "status": "success",
  "days_from": 45,
  "days_to": 15
}

[2/3] Connecting to Google Sheets...
Updating headers to match new format...
Connected to: プロライン数字とり

[3/3] Appending data to spreadsheet...
Added row: ['2026-02-23 09:06', '', 0, 0, '0%', '45-15 days ago']
SUCCESS: Data exported to Google Sheets!

==================================================
Export completed successfully!
==================================================
/Users/hiroshi/cursor/projects/proline_extractor/.venv/lib/python3.9/site-packages/google/auth/__init__.py:54: FutureWarning: 
    You are using a Python version 3.9 past its end of life. Google will update
    google-auth with critical bug fixes on a best-effort basis, but not
    with any other fixes or features. Please upgrade your Python version,
    and then update google-auth.
    
  warnings.warn(eol_message.format("3.9"), FutureWarning)
/Users/hiroshi/cursor/projects/proline_extractor/.venv/lib/python3.9/site-packages/google/oauth2/__init__.py:40: FutureWarning: 
    You are using a Python version 3.9 past its end of life. Google will update
    google-auth with critical bug fixes on a best-effort basis, but not
    with any other fixes or features. Please upgrade your Python version,
    and then update google-auth.
    
  warnings.warn(eol_message.format("3.9"), FutureWarning)
/Users/hiroshi/cursor/projects/proline_extractor/.venv/lib/python3.9/site-packages/urllib3/__init__.py:35: NotOpenSSLWarning: urllib3 v2 only supports OpenSSL 1.1.1+, currently the 'ssl' module is compiled with 'LibreSSL 2.8.3'. See: https://github.com/urllib3/urllib3/issues/3020
  warnings.warn(
/Users/hiroshi/cursor/projects/proline_extractor/sheets_export.py:68: DeprecationWarning: The order of arguments in worksheet.update() has changed. Please pass values first and range_name secondor used named arguments (range_name=, values=)
  worksheet.update('A1:F1', [headers])
==================================================
Proline KPI Export (Range: 45~15 days ago)
Time: 2026-03-02 09:00:05
==================================================

[1/3] Extracting KPI data from Proline...
=== Proline KPI Extractor (Range: 45~15 days ago) ===

--- Extracting Basic KPIs ---
Basic KPIs: {'days_from': 45, 'days_to': 15}

--- Extracting Friends Count (45~15 days ago) ---
Date range: 2026/01/16 ~ 2026/02/15
Navigating to user management page...
Setting date filters...
Waiting for results...
Debug screenshot saved to: /Users/hiroshi/cursor/projects/proline_extractor/friends_debug.png
Could not extract friends count

--- Extracting Purchaser Count (45~15 days ago) ---
Date range: 2026/01/16 ~ 2026/02/15
Navigating to user management page...
Setting date filters...
Opening tag selection modal...
Modal open clicked: False
Selecting '購入者' tag...
Tag selection result: not_found
Saving selection...
Save button clicked: False
Could not extract purchaser count

=== All KPIs extracted successfully ===
Output file: /Users/hiroshi/cursor/projects/proline_extractor/kpi_data.json
{
  "days_from": 45,
  "days_to": 15
}
Extracted: {
  "status": "success",
  "days_from": 45,
  "days_to": 15
}

[2/3] Connecting to Google Sheets...
Updating headers to match new format...
Connected to: プロライン数字とり

[3/3] Appending data to spreadsheet...
Added row: ['2026-03-02 09:01', '', 0, 0, '0%', '45-15 days ago']
SUCCESS: Data exported to Google Sheets!

==================================================
Export completed successfully!
==================================================
/Users/hiroshi/cursor/projects/proline_extractor/.venv/lib/python3.9/site-packages/google/auth/__init__.py:54: FutureWarning: 
    You are using a Python version 3.9 past its end of life. Google will update
    google-auth with critical bug fixes on a best-effort basis, but not
    with any other fixes or features. Please upgrade your Python version,
    and then update google-auth.
    
  warnings.warn(eol_message.format("3.9"), FutureWarning)
/Users/hiroshi/cursor/projects/proline_extractor/.venv/lib/python3.9/site-packages/google/oauth2/__init__.py:40: FutureWarning: 
    You are using a Python version 3.9 past its end of life. Google will update
    google-auth with critical bug fixes on a best-effort basis, but not
    with any other fixes or features. Please upgrade your Python version,
    and then update google-auth.
    
  warnings.warn(eol_message.format("3.9"), FutureWarning)
/Users/hiroshi/cursor/projects/proline_extractor/.venv/lib/python3.9/site-packages/urllib3/__init__.py:35: NotOpenSSLWarning: urllib3 v2 only supports OpenSSL 1.1.1+, currently the 'ssl' module is compiled with 'LibreSSL 2.8.3'. See: https://github.com/urllib3/urllib3/issues/3020
  warnings.warn(
/Users/hiroshi/cursor/projects/proline_extractor/sheets_export.py:68: DeprecationWarning: The order of arguments in worksheet.update() has changed. Please pass values first and range_name secondor used named arguments (range_name=, values=)
  worksheet.update('A1:F1', [headers])
==================================================
Proline KPI Export (Range: 45~15 days ago)
Time: 2026-03-09 09:02:40
==================================================

[1/3] Extracting KPI data from Proline...
=== Proline KPI Extractor (Range: 45~15 days ago) ===

--- Extracting Basic KPIs ---
Basic KPIs: {'days_from': 45, 'days_to': 15}

--- Extracting Friends Count (45~15 days ago) ---
Date range: 2026/01/23 ~ 2026/02/22
Navigating to user management page...
Setting date filters...
Waiting for results...
Debug screenshot saved to: /Users/hiroshi/cursor/projects/proline_extractor/friends_debug.png
Could not extract friends count

--- Extracting Purchaser Count (45~15 days ago) ---
Date range: 2026/01/23 ~ 2026/02/22
Navigating to user management page...
Setting date filters...
Opening tag selection modal...
Modal open clicked: False
Selecting '購入者' tag...
Tag selection result: not_found
Saving selection...
Save button clicked: False
Could not extract purchaser count

=== All KPIs extracted successfully ===
Output file: /Users/hiroshi/cursor/projects/proline_extractor/kpi_data.json
{
  "days_from": 45,
  "days_to": 15
}
Extracted: {
  "status": "success",
  "days_from": 45,
  "days_to": 15
}

[2/3] Connecting to Google Sheets...
Updating headers to match new format...
Connected to: プロライン数字とり

[3/3] Appending data to spreadsheet...
Added row: ['2026-03-09 09:03', '', 0, 0, '0%', '45-15 days ago']
SUCCESS: Data exported to Google Sheets!

==================================================
Export completed successfully!
==================================================
/Users/hiroshi/cursor/projects/proline_extractor/.venv/lib/python3.9/site-packages/google/auth/__init__.py:54: FutureWarning: 
    You are using a Python version 3.9 past its end of life. Google will update
    google-auth with critical bug fixes on a best-effort basis, but not
    with any other fixes or features. Please upgrade your Python version,
    and then update google-auth.
    
  warnings.warn(eol_message.format("3.9"), FutureWarning)
/Users/hiroshi/cursor/projects/proline_extractor/.venv/lib/python3.9/site-packages/google/oauth2/__init__.py:40: FutureWarning: 
    You are using a Python version 3.9 past its end of life. Google will update
    google-auth with critical bug fixes on a best-effort basis, but not
    with any other fixes or features. Please upgrade your Python version,
    and then update google-auth.
    
  warnings.warn(eol_message.format("3.9"), FutureWarning)
/Users/hiroshi/cursor/projects/proline_extractor/.venv/lib/python3.9/site-packages/urllib3/__init__.py:35: NotOpenSSLWarning: urllib3 v2 only supports OpenSSL 1.1.1+, currently the 'ssl' module is compiled with 'LibreSSL 2.8.3'. See: https://github.com/urllib3/urllib3/issues/3020
  warnings.warn(
Traceback (most recent call last):
  File "/Users/hiroshi/cursor/projects/proline_extractor/extractor.py", line 55, in get_friends_count
    await page.goto("https://autosns.jp/select-user", wait_until="domcontentloaded", timeout=60000)
  File "/Users/hiroshi/cursor/projects/proline_extractor/.venv/lib/python3.9/site-packages/playwright/async_api/_generated.py", line 9041, in goto
    await self._impl_obj.goto(
  File "/Users/hiroshi/cursor/projects/proline_extractor/.venv/lib/python3.9/site-packages/playwright/_impl/_page.py", line 552, in goto
    return await self._main_frame.goto(**locals_to_params(locals()))
  File "/Users/hiroshi/cursor/projects/proline_extractor/.venv/lib/python3.9/site-packages/playwright/_impl/_frame.py", line 153, in goto
    await self._channel.send(
  File "/Users/hiroshi/cursor/projects/proline_extractor/.venv/lib/python3.9/site-packages/playwright/_impl/_connection.py", line 69, in send
    return await self._connection.wrap_api_call(
  File "/Users/hiroshi/cursor/projects/proline_extractor/.venv/lib/python3.9/site-packages/playwright/_impl/_connection.py", line 559, in wrap_api_call
    raise rewrite_error(error, f"{parsed_st['apiName']}: {error}") from None
playwright._impl._errors.TimeoutError: Page.goto: Timeout 60000ms exceeded.
Call log:
  - navigating to "https://autosns.jp/select-user", waiting until "domcontentloaded"

/Users/hiroshi/cursor/projects/proline_extractor/sheets_export.py:68: DeprecationWarning: The order of arguments in worksheet.update() has changed. Please pass values first and range_name secondor used named arguments (range_name=, values=)
  worksheet.update('A1:F1', [headers])
==================================================
Proline KPI Export (Range: 45~15 days ago)
Time: 2026-03-16 09:12:43
==================================================

[1/3] Extracting KPI data from Proline...
=== Proline KPI Extractor (Range: 45~15 days ago) ===

--- Extracting Basic KPIs ---
Basic KPIs: {'days_from': 45, 'days_to': 15}

--- Extracting Friends Count (45~15 days ago) ---
Date range: 2026/01/30 ~ 2026/03/01
Navigating to user management page...
Error extracting friends count: Page.goto: Timeout 60000ms exceeded.
Call log:
  - navigating to "https://autosns.jp/select-user", waiting until "domcontentloaded"

Could not extract friends count

--- Extracting Purchaser Count (45~15 days ago) ---
Date range: 2026/01/30 ~ 2026/03/01
Navigating to user management page...
Setting date filters...
Opening tag selection modal...
Modal open clicked: False
Selecting '購入者' tag...
Tag selection result: not_found
Saving selection...
Save button clicked: False
Could not extract purchaser count

=== All KPIs extracted successfully ===
Output file: /Users/hiroshi/cursor/projects/proline_extractor/kpi_data.json
{
  "days_from": 45,
  "days_to": 15
}
Extracted: {
  "status": "success",
  "days_from": 45,
  "days_to": 15
}

[2/3] Connecting to Google Sheets...
Updating headers to match new format...
Connected to: プロライン数字とり

[3/3] Appending data to spreadsheet...
Added row: ['2026-03-16 09:54', '', 0, 0, '0%', '45-15 days ago']
SUCCESS: Data exported to Google Sheets!

==================================================
Export completed successfully!
==================================================
/Users/hiroshi/cursor/projects/proline_extractor/.venv/lib/python3.9/site-packages/google/auth/__init__.py:54: FutureWarning: 
    You are using a Python version 3.9 past its end of life. Google will update
    google-auth with critical bug fixes on a best-effort basis, but not
    with any other fixes or features. Please upgrade your Python version,
    and then update google-auth.
    
  warnings.warn(eol_message.format("3.9"), FutureWarning)
/Users/hiroshi/cursor/projects/proline_extractor/.venv/lib/python3.9/site-packages/google/oauth2/__init__.py:40: FutureWarning: 
    You are using a Python version 3.9 past its end of life. Google will update
    google-auth with critical bug fixes on a best-effort basis, but not
    with any other fixes or features. Please upgrade your Python version,
    and then update google-auth.
    
  warnings.warn(eol_message.format("3.9"), FutureWarning)
/Users/hiroshi/cursor/projects/proline_extractor/.venv/lib/python3.9/site-packages/urllib3/__init__.py:35: NotOpenSSLWarning: urllib3 v2 only supports OpenSSL 1.1.1+, currently the 'ssl' module is compiled with 'LibreSSL 2.8.3'. See: https://github.com/urllib3/urllib3/issues/3020
  warnings.warn(
/Users/hiroshi/cursor/projects/proline_extractor/sheets_export.py:68: DeprecationWarning: The order of arguments in worksheet.update() has changed. Please pass values first and range_name secondor used named arguments (range_name=, values=)
  worksheet.update('A1:F1', [headers])
==================================================
Proline KPI Export (Range: 45~15 days ago)
Time: 2026-03-23 09:12:00
==================================================

[1/3] Extracting KPI data from Proline...
=== Proline KPI Extractor (Range: 45~15 days ago) ===

--- Extracting Basic KPIs ---
Basic KPIs: {'days_from': 45, 'days_to': 15}

--- Extracting Friends Count (45~15 days ago) ---
Date range: 2026/02/06 ~ 2026/03/08
Navigating to user management page...
Setting date filters...
Waiting for results...
Debug screenshot saved to: /Users/hiroshi/cursor/projects/proline_extractor/friends_debug.png
Could not extract friends count

--- Extracting Purchaser Count (45~15 days ago) ---
Date range: 2026/02/06 ~ 2026/03/08
Navigating to user management page...
Setting date filters...
Opening tag selection modal...
Modal open clicked: False
Selecting '購入者' tag...
Tag selection result: not_found
Saving selection...
Save button clicked: False
Could not extract purchaser count

=== All KPIs extracted successfully ===
Output file: /Users/hiroshi/cursor/projects/proline_extractor/kpi_data.json
{
  "days_from": 45,
  "days_to": 15
}
Extracted: {
  "status": "success",
  "days_from": 45,
  "days_to": 15
}

[2/3] Connecting to Google Sheets...
Updating headers to match new format...
Connected to: プロライン数字とり

[3/3] Appending data to spreadsheet...
Added row: ['2026-03-23 09:12', '', 0, 0, '0%', '45-15 days ago']
SUCCESS: Data exported to Google Sheets!

==================================================
Export completed successfully!
==================================================
/Users/hiroshi/cursor/projects/proline_extractor/.venv/lib/python3.9/site-packages/google/auth/__init__.py:54: FutureWarning: 
    You are using a Python version 3.9 past its end of life. Google will update
    google-auth with critical bug fixes on a best-effort basis, but not
    with any other fixes or features. Please upgrade your Python version,
    and then update google-auth.
    
  warnings.warn(eol_message.format("3.9"), FutureWarning)
/Users/hiroshi/cursor/projects/proline_extractor/.venv/lib/python3.9/site-packages/google/oauth2/__init__.py:40: FutureWarning: 
    You are using a Python version 3.9 past its end of life. Google will update
    google-auth with critical bug fixes on a best-effort basis, but not
    with any other fixes or features. Please upgrade your Python version,
    and then update google-auth.
    
  warnings.warn(eol_message.format("3.9"), FutureWarning)
/Users/hiroshi/cursor/projects/proline_extractor/.venv/lib/python3.9/site-packages/urllib3/__init__.py:35: NotOpenSSLWarning: urllib3 v2 only supports OpenSSL 1.1.1+, currently the 'ssl' module is compiled with 'LibreSSL 2.8.3'. See: https://github.com/urllib3/urllib3/issues/3020
  warnings.warn(
Traceback (most recent call last):
  File "/Users/hiroshi/cursor/projects/proline_extractor/extractor.py", line 55, in get_friends_count
    await page.goto("https://autosns.jp/select-user", wait_until="domcontentloaded", timeout=60000)
  File "/Users/hiroshi/cursor/projects/proline_extractor/.venv/lib/python3.9/site-packages/playwright/async_api/_generated.py", line 9041, in goto
    await self._impl_obj.goto(
  File "/Users/hiroshi/cursor/projects/proline_extractor/.venv/lib/python3.9/site-packages/playwright/_impl/_page.py", line 552, in goto
    return await self._main_frame.goto(**locals_to_params(locals()))
  File "/Users/hiroshi/cursor/projects/proline_extractor/.venv/lib/python3.9/site-packages/playwright/_impl/_frame.py", line 153, in goto
    await self._channel.send(
  File "/Users/hiroshi/cursor/projects/proline_extractor/.venv/lib/python3.9/site-packages/playwright/_impl/_connection.py", line 69, in send
    return await self._connection.wrap_api_call(
  File "/Users/hiroshi/cursor/projects/proline_extractor/.venv/lib/python3.9/site-packages/playwright/_impl/_connection.py", line 559, in wrap_api_call
    raise rewrite_error(error, f"{parsed_st['apiName']}: {error}") from None
playwright._impl._errors.Error: Page.goto: net::ERR_INTERNET_DISCONNECTED at https://autosns.jp/select-user
Call log:
  - navigating to "https://autosns.jp/select-user", waiting until "domcontentloaded"

Traceback (most recent call last):
  File "/Users/hiroshi/cursor/projects/proline_extractor/extractor.py", line 137, in get_purchaser_count
    await page.goto("https://autosns.jp/select-user", wait_until="domcontentloaded", timeout=60000)
  File "/Users/hiroshi/cursor/projects/proline_extractor/.venv/lib/python3.9/site-packages/playwright/async_api/_generated.py", line 9041, in goto
    await self._impl_obj.goto(
  File "/Users/hiroshi/cursor/projects/proline_extractor/.venv/lib/python3.9/site-packages/playwright/_impl/_page.py", line 552, in goto
    return await self._main_frame.goto(**locals_to_params(locals()))
  File "/Users/hiroshi/cursor/projects/proline_extractor/.venv/lib/python3.9/site-packages/playwright/_impl/_frame.py", line 153, in goto
    await self._channel.send(
  File "/Users/hiroshi/cursor/projects/proline_extractor/.venv/lib/python3.9/site-packages/playwright/_impl/_connection.py", line 69, in send
    return await self._connection.wrap_api_call(
  File "/Users/hiroshi/cursor/projects/proline_extractor/.venv/lib/python3.9/site-packages/playwright/_impl/_connection.py", line 559, in wrap_api_call
    raise rewrite_error(error, f"{parsed_st['apiName']}: {error}") from None
playwright._impl._errors.Error: Page.goto: net::ERR_INTERNET_DISCONNECTED at https://autosns.jp/select-user
Call log:
  - navigating to "https://autosns.jp/select-user", waiting until "domcontentloaded"

==================================================
Proline KPI Export (Range: 45~15 days ago)
Time: 2026-03-30 09:00:05
==================================================

[1/3] Extracting KPI data from Proline...
=== Proline KPI Extractor (Range: 45~15 days ago) ===

--- Extracting Basic KPIs ---
Navigation warning: Page.goto: net::ERR_INTERNET_DISCONNECTED at https://autosns.jp/
Call log:
  - navigating to "https://autosns.jp/", waiting until "domcontentloaded"

Error extracting basic KPIs: Page.query_selector: Execution context was destroyed, most likely because of a navigation
Basic KPIs: {'days_from': 45, 'days_to': 15}

--- Extracting Friends Count (45~15 days ago) ---
Date range: 2026/02/13 ~ 2026/03/15
Navigating to user management page...
Error extracting friends count: Page.goto: net::ERR_INTERNET_DISCONNECTED at https://autosns.jp/select-user
Call log:
  - navigating to "https://autosns.jp/select-user", waiting until "domcontentloaded"

Could not extract friends count

--- Extracting Purchaser Count (45~15 days ago) ---
Date range: 2026/02/13 ~ 2026/03/15
Navigating to user management page...
Error extracting purchaser count: Page.goto: net::ERR_INTERNET_DISCONNECTED at https://autosns.jp/select-user
Call log:
  - navigating to "https://autosns.jp/select-user", waiting until "domcontentloaded"

Could not extract purchaser count

=== All KPIs extracted successfully ===
Output file: /Users/hiroshi/cursor/projects/proline_extractor/kpi_data.json
{
  "days_from": 45,
  "days_to": 15
}
Extracted: {
  "status": "success",
  "days_from": 45,
  "days_to": 15
}

[2/3] Connecting to Google Sheets...
ERROR: Failed to connect to Google Sheets: HTTPSConnectionPool(host='oauth2.googleapis.com', port=443): Max retries exceeded with url: /token (Caused by NameResolutionError("HTTPSConnection(host='oauth2.googleapis.com', port=443): Failed to resolve 'oauth2.googleapis.com' ([Errno 8] nodename nor servname provided, or not known)"))
/Users/hiroshi/cursor/projects/proline_extractor/.venv/lib/python3.9/site-packages/google/auth/__init__.py:54: FutureWarning: 
    You are using a Python version 3.9 past its end of life. Google will update
    google-auth with critical bug fixes on a best-effort basis, but not
    with any other fixes or features. Please upgrade your Python version,
    and then update google-auth.
    
  warnings.warn(eol_message.format("3.9"), FutureWarning)
/Users/hiroshi/cursor/projects/proline_extractor/.venv/lib/python3.9/site-packages/google/oauth2/__init__.py:40: FutureWarning: 
    You are using a Python version 3.9 past its end of life. Google will update
    google-auth with critical bug fixes on a best-effort basis, but not
    with any other fixes or features. Please upgrade your Python version,
    and then update google-auth.
    
  warnings.warn(eol_message.format("3.9"), FutureWarning)
/Users/hiroshi/cursor/projects/proline_extractor/.venv/lib/python3.9/site-packages/urllib3/__init__.py:35: NotOpenSSLWarning: urllib3 v2 only supports OpenSSL 1.1.1+, currently the 'ssl' module is compiled with 'LibreSSL 2.8.3'. See: https://github.com/urllib3/urllib3/issues/3020
  warnings.warn(
Traceback (most recent call last):
  File "/Users/hiroshi/cursor/projects/proline_extractor/extractor.py", line 55, in get_friends_count
    await page.goto("https://autosns.jp/select-user", wait_until="domcontentloaded", timeout=60000)
  File "/Users/hiroshi/cursor/projects/proline_extractor/.venv/lib/python3.9/site-packages/playwright/async_api/_generated.py", line 9041, in goto
    await self._impl_obj.goto(
  File "/Users/hiroshi/cursor/projects/proline_extractor/.venv/lib/python3.9/site-packages/playwright/_impl/_page.py", line 552, in goto
    return await self._main_frame.goto(**locals_to_params(locals()))
  File "/Users/hiroshi/cursor/projects/proline_extractor/.venv/lib/python3.9/site-packages/playwright/_impl/_frame.py", line 153, in goto
    await self._channel.send(
  File "/Users/hiroshi/cursor/projects/proline_extractor/.venv/lib/python3.9/site-packages/playwright/_impl/_connection.py", line 69, in send
    return await self._connection.wrap_api_call(
  File "/Users/hiroshi/cursor/projects/proline_extractor/.venv/lib/python3.9/site-packages/playwright/_impl/_connection.py", line 559, in wrap_api_call
    raise rewrite_error(error, f"{parsed_st['apiName']}: {error}") from None
playwright._impl._errors.Error: Page.goto: net::ERR_INTERNET_DISCONNECTED at https://autosns.jp/select-user
Call log:
  - navigating to "https://autosns.jp/select-user", waiting until "domcontentloaded"

Traceback (most recent call last):
  File "/Users/hiroshi/cursor/projects/proline_extractor/extractor.py", line 137, in get_purchaser_count
    await page.goto("https://autosns.jp/select-user", wait_until="domcontentloaded", timeout=60000)
  File "/Users/hiroshi/cursor/projects/proline_extractor/.venv/lib/python3.9/site-packages/playwright/async_api/_generated.py", line 9041, in goto
    await self._impl_obj.goto(
  File "/Users/hiroshi/cursor/projects/proline_extractor/.venv/lib/python3.9/site-packages/playwright/_impl/_page.py", line 552, in goto
    return await self._main_frame.goto(**locals_to_params(locals()))
  File "/Users/hiroshi/cursor/projects/proline_extractor/.venv/lib/python3.9/site-packages/playwright/_impl/_frame.py", line 153, in goto
    await self._channel.send(
  File "/Users/hiroshi/cursor/projects/proline_extractor/.venv/lib/python3.9/site-packages/playwright/_impl/_connection.py", line 69, in send
    return await self._connection.wrap_api_call(
  File "/Users/hiroshi/cursor/projects/proline_extractor/.venv/lib/python3.9/site-packages/playwright/_impl/_connection.py", line 559, in wrap_api_call
    raise rewrite_error(error, f"{parsed_st['apiName']}: {error}") from None
playwright._impl._errors.Error: Page.goto: net::ERR_INTERNET_DISCONNECTED at https://autosns.jp/select-user
Call log:
  - navigating to "https://autosns.jp/select-user", waiting until "domcontentloaded"

==================================================
Proline KPI Export (Range: 45~15 days ago)
Time: 2026-04-06 09:05:17
==================================================

[1/3] Extracting KPI data from Proline...
=== Proline KPI Extractor (Range: 45~15 days ago) ===

--- Extracting Basic KPIs ---
Navigation warning: Page.goto: net::ERR_INTERNET_DISCONNECTED at https://autosns.jp/
Call log:
  - navigating to "https://autosns.jp/", waiting until "domcontentloaded"

Error extracting basic KPIs: Page.query_selector: Execution context was destroyed, most likely because of a navigation
Basic KPIs: {'days_from': 45, 'days_to': 15}

--- Extracting Friends Count (45~15 days ago) ---
Date range: 2026/02/20 ~ 2026/03/22
Navigating to user management page...
Error extracting friends count: Page.goto: net::ERR_INTERNET_DISCONNECTED at https://autosns.jp/select-user
Call log:
  - navigating to "https://autosns.jp/select-user", waiting until "domcontentloaded"

Could not extract friends count

--- Extracting Purchaser Count (45~15 days ago) ---
Date range: 2026/02/20 ~ 2026/03/22
Navigating to user management page...
Error extracting purchaser count: Page.goto: net::ERR_INTERNET_DISCONNECTED at https://autosns.jp/select-user
Call log:
  - navigating to "https://autosns.jp/select-user", waiting until "domcontentloaded"

Could not extract purchaser count

=== All KPIs extracted successfully ===
Output file: /Users/hiroshi/cursor/projects/proline_extractor/kpi_data.json
{
  "days_from": 45,
  "days_to": 15
}
Extracted: {
  "status": "success",
  "days_from": 45,
  "days_to": 15
}

[2/3] Connecting to Google Sheets...
ERROR: Failed to connect to Google Sheets: HTTPSConnectionPool(host='oauth2.googleapis.com', port=443): Max retries exceeded with url: /token (Caused by NameResolutionError("HTTPSConnection(host='oauth2.googleapis.com', port=443): Failed to resolve 'oauth2.googleapis.com' ([Errno 8] nodename nor servname provided, or not known)"))
/Users/hiroshi/cursor/projects/proline_extractor/.venv/lib/python3.9/site-packages/google/auth/__init__.py:54: FutureWarning: 
    You are using a Python version 3.9 past its end of life. Google will update
    google-auth with critical bug fixes on a best-effort basis, but not
    with any other fixes or features. Please upgrade your Python version,
    and then update google-auth.
    
  warnings.warn(eol_message.format("3.9"), FutureWarning)
/Users/hiroshi/cursor/projects/proline_extractor/.venv/lib/python3.9/site-packages/google/oauth2/__init__.py:40: FutureWarning: 
    You are using a Python version 3.9 past its end of life. Google will update
    google-auth with critical bug fixes on a best-effort basis, but not
    with any other fixes or features. Please upgrade your Python version,
    and then update google-auth.
    
  warnings.warn(eol_message.format("3.9"), FutureWarning)
/Users/hiroshi/cursor/projects/proline_extractor/.venv/lib/python3.9/site-packages/urllib3/__init__.py:35: NotOpenSSLWarning: urllib3 v2 only supports OpenSSL 1.1.1+, currently the 'ssl' module is compiled with 'LibreSSL 2.8.3'. See: https://github.com/urllib3/urllib3/issues/3020
  warnings.warn(
/Users/hiroshi/cursor/projects/proline_extractor/sheets_export.py:68: DeprecationWarning: The order of arguments in worksheet.update() has changed. Please pass values first and range_name secondor used named arguments (range_name=, values=)
  worksheet.update('A1:F1', [headers])
==================================================
Proline KPI Export (Range: 45~15 days ago)
Time: 2026-04-13 09:00:01
==================================================

[1/3] Extracting KPI data from Proline...
=== Proline KPI Extractor (Range: 45~15 days ago) ===

--- Extracting Basic KPIs ---
Basic KPIs: {'days_from': 45, 'days_to': 15}

--- Extracting Friends Count (45~15 days ago) ---
Date range: 2026/02/27 ~ 2026/03/29
Navigating to user management page...
Setting date filters...
Waiting for results...
Debug screenshot saved to: /Users/hiroshi/cursor/projects/proline_extractor/friends_debug.png
Could not extract friends count

--- Extracting Purchaser Count (45~15 days ago) ---
Date range: 2026/02/27 ~ 2026/03/29
Navigating to user management page...
Setting date filters...
Opening tag selection modal...
Modal open clicked: False
Selecting '購入者' tag...
Tag selection result: not_found
Saving selection...
Save button clicked: False
Could not extract purchaser count

=== All KPIs extracted successfully ===
Output file: /Users/hiroshi/cursor/projects/proline_extractor/kpi_data.json
{
  "days_from": 45,
  "days_to": 15
}
Extracted: {
  "status": "success",
  "days_from": 45,
  "days_to": 15
}

[2/3] Connecting to Google Sheets...
Updating headers to match new format...
Connected to: プロライン数字とり

[3/3] Appending data to spreadsheet...
Added row: ['2026-04-13 09:00', '', 0, 0, '0%', '45-15 days ago']
SUCCESS: Data exported to Google Sheets!

==================================================
Export completed successfully!
==================================================
/Users/hiroshi/cursor/projects/proline_extractor/.venv/lib/python3.9/site-packages/google/auth/__init__.py:54: FutureWarning: 
    You are using a Python version 3.9 past its end of life. Google will update
    google-auth with critical bug fixes on a best-effort basis, but not
    with any other fixes or features. Please upgrade your Python version,
    and then update google-auth.
    
  warnings.warn(eol_message.format("3.9"), FutureWarning)
/Users/hiroshi/cursor/projects/proline_extractor/.venv/lib/python3.9/site-packages/google/oauth2/__init__.py:40: FutureWarning: 
    You are using a Python version 3.9 past its end of life. Google will update
    google-auth with critical bug fixes on a best-effort basis, but not
    with any other fixes or features. Please upgrade your Python version,
    and then update google-auth.
    
  warnings.warn(eol_message.format("3.9"), FutureWarning)
/Users/hiroshi/cursor/projects/proline_extractor/.venv/lib/python3.9/site-packages/urllib3/__init__.py:35: NotOpenSSLWarning: urllib3 v2 only supports OpenSSL 1.1.1+, currently the 'ssl' module is compiled with 'LibreSSL 2.8.3'. See: https://github.com/urllib3/urllib3/issues/3020
  warnings.warn(
Traceback (most recent call last):
  File "/Users/hiroshi/cursor/projects/proline_extractor/extractor.py", line 55, in get_friends_count
    await page.goto("https://autosns.jp/select-user", wait_until="domcontentloaded", timeout=60000)
  File "/Users/hiroshi/cursor/projects/proline_extractor/.venv/lib/python3.9/site-packages/playwright/async_api/_generated.py", line 9041, in goto
    await self._impl_obj.goto(
  File "/Users/hiroshi/cursor/projects/proline_extractor/.venv/lib/python3.9/site-packages/playwright/_impl/_page.py", line 552, in goto
    return await self._main_frame.goto(**locals_to_params(locals()))
  File "/Users/hiroshi/cursor/projects/proline_extractor/.venv/lib/python3.9/site-packages/playwright/_impl/_frame.py", line 153, in goto
    await self._channel.send(
  File "/Users/hiroshi/cursor/projects/proline_extractor/.venv/lib/python3.9/site-packages/playwright/_impl/_connection.py", line 69, in send
    return await self._connection.wrap_api_call(
  File "/Users/hiroshi/cursor/projects/proline_extractor/.venv/lib/python3.9/site-packages/playwright/_impl/_connection.py", line 559, in wrap_api_call
    raise rewrite_error(error, f"{parsed_st['apiName']}: {error}") from None
playwright._impl._errors.Error: Page.goto: net::ERR_TIMED_OUT at https://autosns.jp/select-user
Call log:
  - navigating to "https://autosns.jp/select-user", waiting until "domcontentloaded"

Traceback (most recent call last):
  File "/Users/hiroshi/cursor/projects/proline_extractor/extractor.py", line 137, in get_purchaser_count
    await page.goto("https://autosns.jp/select-user", wait_until="domcontentloaded", timeout=60000)
  File "/Users/hiroshi/cursor/projects/proline_extractor/.venv/lib/python3.9/site-packages/playwright/async_api/_generated.py", line 9041, in goto
    await self._impl_obj.goto(
  File "/Users/hiroshi/cursor/projects/proline_extractor/.venv/lib/python3.9/site-packages/playwright/_impl/_page.py", line 552, in goto
    return await self._main_frame.goto(**locals_to_params(locals()))
  File "/Users/hiroshi/cursor/projects/proline_extractor/.venv/lib/python3.9/site-packages/playwright/_impl/_frame.py", line 153, in goto
    await self._channel.send(
  File "/Users/hiroshi/cursor/projects/proline_extractor/.venv/lib/python3.9/site-packages/playwright/_impl/_connection.py", line 69, in send
    return await self._connection.wrap_api_call(
  File "/Users/hiroshi/cursor/projects/proline_extractor/.venv/lib/python3.9/site-packages/playwright/_impl/_connection.py", line 559, in wrap_api_call
    raise rewrite_error(error, f"{parsed_st['apiName']}: {error}") from None
playwright._impl._errors.Error: Page.goto: Navigation to "https://autosns.jp/select-user" is interrupted by another navigation to "chrome-error://chromewebdata/"
Call log:
  - navigating to "https://autosns.jp/select-user", waiting until "domcontentloaded"

/Users/hiroshi/cursor/projects/proline_extractor/sheets_export.py:68: DeprecationWarning: The order of arguments in worksheet.update() has changed. Please pass values first and range_name secondor used named arguments (range_name=, values=)
  worksheet.update('A1:F1', [headers])
==================================================
Proline KPI Export (Range: 45~15 days ago)
Time: 2026-04-20 09:04:05
==================================================

[1/3] Extracting KPI data from Proline...
=== Proline KPI Extractor (Range: 45~15 days ago) ===

--- Extracting Basic KPIs ---
Basic KPIs: {'days_from': 45, 'days_to': 15}

--- Extracting Friends Count (45~15 days ago) ---
Date range: 2026/03/06 ~ 2026/04/05
Navigating to user management page...
Error extracting friends count: Page.goto: net::ERR_TIMED_OUT at https://autosns.jp/select-user
Call log:
  - navigating to "https://autosns.jp/select-user", waiting until "domcontentloaded"

Could not extract friends count

--- Extracting Purchaser Count (45~15 days ago) ---
Date range: 2026/03/06 ~ 2026/04/05
Navigating to user management page...
Error extracting purchaser count: Page.goto: Navigation to "https://autosns.jp/select-user" is interrupted by another navigation to "chrome-error://chromewebdata/"
Call log:
  - navigating to "https://autosns.jp/select-user", waiting until "domcontentloaded"

Could not extract purchaser count

=== All KPIs extracted successfully ===
Output file: /Users/hiroshi/cursor/projects/proline_extractor/kpi_data.json
{
  "days_from": 45,
  "days_to": 15
}
Extracted: {
  "status": "success",
  "days_from": 45,
  "days_to": 15
}

[2/3] Connecting to Google Sheets...
Updating headers to match new format...
Connected to: プロライン数字とり

[3/3] Appending data to spreadsheet...
Added row: ['2026-04-20 09:37', '', 0, 0, '0%', '45-15 days ago']
SUCCESS: Data exported to Google Sheets!

==================================================
Export completed successfully!
==================================================
/Users/hiroshi/cursor/projects/proline_extractor/.venv/lib/python3.9/site-packages/google/auth/__init__.py:54: FutureWarning: 
    You are using a Python version 3.9 past its end of life. Google will update
    google-auth with critical bug fixes on a best-effort basis, but not
    with any other fixes or features. Please upgrade your Python version,
    and then update google-auth.
    
  warnings.warn(eol_message.format("3.9"), FutureWarning)
/Users/hiroshi/cursor/projects/proline_extractor/.venv/lib/python3.9/site-packages/google/oauth2/__init__.py:40: FutureWarning: 
    You are using a Python version 3.9 past its end of life. Google will update
    google-auth with critical bug fixes on a best-effort basis, but not
    with any other fixes or features. Please upgrade your Python version,
    and then update google-auth.
    
  warnings.warn(eol_message.format("3.9"), FutureWarning)
/Users/hiroshi/cursor/projects/proline_extractor/.venv/lib/python3.9/site-packages/urllib3/__init__.py:35: NotOpenSSLWarning: urllib3 v2 only supports OpenSSL 1.1.1+, currently the 'ssl' module is compiled with 'LibreSSL 2.8.3'. See: https://github.com/urllib3/urllib3/issues/3020
  warnings.warn(
Traceback (most recent call last):
  File "/Users/hiroshi/cursor/projects/proline_extractor/extractor.py", line 55, in get_friends_count
    await page.goto("https://autosns.jp/select-user", wait_until="domcontentloaded", timeout=60000)
  File "/Users/hiroshi/cursor/projects/proline_extractor/.venv/lib/python3.9/site-packages/playwright/async_api/_generated.py", line 9041, in goto
    await self._impl_obj.goto(
  File "/Users/hiroshi/cursor/projects/proline_extractor/.venv/lib/python3.9/site-packages/playwright/_impl/_page.py", line 552, in goto
    return await self._main_frame.goto(**locals_to_params(locals()))
  File "/Users/hiroshi/cursor/projects/proline_extractor/.venv/lib/python3.9/site-packages/playwright/_impl/_frame.py", line 153, in goto
    await self._channel.send(
  File "/Users/hiroshi/cursor/projects/proline_extractor/.venv/lib/python3.9/site-packages/playwright/_impl/_connection.py", line 69, in send
    return await self._connection.wrap_api_call(
  File "/Users/hiroshi/cursor/projects/proline_extractor/.venv/lib/python3.9/site-packages/playwright/_impl/_connection.py", line 559, in wrap_api_call
    raise rewrite_error(error, f"{parsed_st['apiName']}: {error}") from None
playwright._impl._errors.TimeoutError: Page.goto: Timeout 60000ms exceeded.
Call log:
  - navigating to "https://autosns.jp/select-user", waiting until "domcontentloaded"

Traceback (most recent call last):
  File "/Users/hiroshi/cursor/projects/proline_extractor/extractor.py", line 137, in get_purchaser_count
    await page.goto("https://autosns.jp/select-user", wait_until="domcontentloaded", timeout=60000)
  File "/Users/hiroshi/cursor/projects/proline_extractor/.venv/lib/python3.9/site-packages/playwright/async_api/_generated.py", line 9041, in goto
    await self._impl_obj.goto(
  File "/Users/hiroshi/cursor/projects/proline_extractor/.venv/lib/python3.9/site-packages/playwright/_impl/_page.py", line 552, in goto
    return await self._main_frame.goto(**locals_to_params(locals()))
  File "/Users/hiroshi/cursor/projects/proline_extractor/.venv/lib/python3.9/site-packages/playwright/_impl/_frame.py", line 153, in goto
    await self._channel.send(
  File "/Users/hiroshi/cursor/projects/proline_extractor/.venv/lib/python3.9/site-packages/playwright/_impl/_connection.py", line 69, in send
    return await self._connection.wrap_api_call(
  File "/Users/hiroshi/cursor/projects/proline_extractor/.venv/lib/python3.9/site-packages/playwright/_impl/_connection.py", line 559, in wrap_api_call
    raise rewrite_error(error, f"{parsed_st['apiName']}: {error}") from None
playwright._impl._errors.TimeoutError: Page.goto: Timeout 60000ms exceeded.
Call log:
  - navigating to "https://autosns.jp/select-user", waiting until "domcontentloaded"

==================================================
Proline KPI Export (Range: 45~15 days ago)
Time: 2026-04-27 09:06:52
==================================================

[1/3] Extracting KPI data from Proline...
=== Proline KPI Extractor (Range: 45~15 days ago) ===

--- Extracting Basic KPIs ---
Navigation warning: Page.goto: Timeout 60000ms exceeded.
Call log:
  - navigating to "https://autosns.jp/", waiting until "domcontentloaded"

Error extracting basic KPIs: Page.query_selector: Execution context was destroyed, most likely because of a navigation
Basic KPIs: {'days_from': 45, 'days_to': 15}

--- Extracting Friends Count (45~15 days ago) ---
Date range: 2026/03/13 ~ 2026/04/12
Navigating to user management page...
Error extracting friends count: Page.goto: Timeout 60000ms exceeded.
Call log:
  - navigating to "https://autosns.jp/select-user", waiting until "domcontentloaded"

Could not extract friends count

--- Extracting Purchaser Count (45~15 days ago) ---
Date range: 2026/03/13 ~ 2026/04/12
Navigating to user management page...
Error extracting purchaser count: Page.goto: Timeout 60000ms exceeded.
Call log:
  - navigating to "https://autosns.jp/select-user", waiting until "domcontentloaded"

Could not extract purchaser count

=== All KPIs extracted successfully ===
Output file: /Users/hiroshi/cursor/projects/proline_extractor/kpi_data.json
{
  "days_from": 45,
  "days_to": 15
}
Extracted: {
  "status": "success",
  "days_from": 45,
  "days_to": 15
}

[2/3] Connecting to Google Sheets...
ERROR: Failed to connect to Google Sheets: HTTPSConnectionPool(host='oauth2.googleapis.com', port=443): Max retries exceeded with url: /token (Caused by NameResolutionError("HTTPSConnection(host='oauth2.googleapis.com', port=443): Failed to resolve 'oauth2.googleapis.com' ([Errno 8] nodename nor servname provided, or not known)"))
/Users/hiroshi/cursor/projects/proline_extractor/.venv/lib/python3.9/site-packages/google/auth/__init__.py:54: FutureWarning: 
    You are using a Python version 3.9 past its end of life. Google will update
    google-auth with critical bug fixes on a best-effort basis, but not
    with any other fixes or features. Please upgrade your Python version,
    and then update google-auth.
    
  warnings.warn(eol_message.format("3.9"), FutureWarning)
/Users/hiroshi/cursor/projects/proline_extractor/.venv/lib/python3.9/site-packages/google/oauth2/__init__.py:40: FutureWarning: 
    You are using a Python version 3.9 past its end of life. Google will update
    google-auth with critical bug fixes on a best-effort basis, but not
    with any other fixes or features. Please upgrade your Python version,
    and then update google-auth.
    
  warnings.warn(eol_message.format("3.9"), FutureWarning)
/Users/hiroshi/cursor/projects/proline_extractor/.venv/lib/python3.9/site-packages/urllib3/__init__.py:35: NotOpenSSLWarning: urllib3 v2 only supports OpenSSL 1.1.1+, currently the 'ssl' module is compiled with 'LibreSSL 2.8.3'. See: https://github.com/urllib3/urllib3/issues/3020
  warnings.warn(
/Users/hiroshi/cursor/projects/proline_extractor/sheets_export.py:68: DeprecationWarning: The order of arguments in worksheet.update() has changed. Please pass values first and range_name secondor used named arguments (range_name=, values=)
  worksheet.update('A1:F1', [headers])
==================================================
Proline KPI Export (Range: 45~15 days ago)
Time: 2026-05-04 09:00:31
==================================================

[1/3] Extracting KPI data from Proline...
=== Proline KPI Extractor (Range: 45~15 days ago) ===

--- Extracting Basic KPIs ---
Basic KPIs: {'days_from': 45, 'days_to': 15}

--- Extracting Friends Count (45~15 days ago) ---
Date range: 2026/03/20 ~ 2026/04/19
Navigating to user management page...
Setting date filters...
Waiting for results...
Debug screenshot saved to: /Users/hiroshi/cursor/projects/proline_extractor/friends_debug.png
Could not extract friends count

--- Extracting Purchaser Count (45~15 days ago) ---
Date range: 2026/03/20 ~ 2026/04/19
Navigating to user management page...
Setting date filters...
Opening tag selection modal...
Modal open clicked: False
Selecting '購入者' tag...
Tag selection result: not_found
Saving selection...
Save button clicked: False
Could not extract purchaser count

=== All KPIs extracted successfully ===
Output file: /Users/hiroshi/cursor/projects/proline_extractor/kpi_data.json
{
  "days_from": 45,
  "days_to": 15
}
Extracted: {
  "status": "success",
  "days_from": 45,
  "days_to": 15
}

[2/3] Connecting to Google Sheets...
Updating headers to match new format...
Connected to: プロライン数字とり

[3/3] Appending data to spreadsheet...
Added row: ['2026-05-04 09:01', '', 0, 0, '0%', '45-15 days ago']
SUCCESS: Data exported to Google Sheets!

==================================================
Export completed successfully!
==================================================
/Users/hiroshi/cursor/projects/proline_extractor/.venv/lib/python3.9/site-packages/google/auth/__init__.py:54: FutureWarning: 
    You are using a Python version 3.9 past its end of life. Google will update
    google-auth with critical bug fixes on a best-effort basis, but not
    with any other fixes or features. Please upgrade your Python version,
    and then update google-auth.
    
  warnings.warn(eol_message.format("3.9"), FutureWarning)
/Users/hiroshi/cursor/projects/proline_extractor/.venv/lib/python3.9/site-packages/google/oauth2/__init__.py:40: FutureWarning: 
    You are using a Python version 3.9 past its end of life. Google will update
    google-auth with critical bug fixes on a best-effort basis, but not
    with any other fixes or features. Please upgrade your Python version,
    and then update google-auth.
    
  warnings.warn(eol_message.format("3.9"), FutureWarning)
/Users/hiroshi/cursor/projects/proline_extractor/.venv/lib/python3.9/site-packages/urllib3/__init__.py:35: NotOpenSSLWarning: urllib3 v2 only supports OpenSSL 1.1.1+, currently the 'ssl' module is compiled with 'LibreSSL 2.8.3'. See: https://github.com/urllib3/urllib3/issues/3020
  warnings.warn(
Traceback (most recent call last):
  File "/Users/hiroshi/cursor/projects/proline_extractor/extractor.py", line 55, in get_friends_count
    await page.goto("https://autosns.jp/select-user", wait_until="domcontentloaded", timeout=60000)
  File "/Users/hiroshi/cursor/projects/proline_extractor/.venv/lib/python3.9/site-packages/playwright/async_api/_generated.py", line 9041, in goto
    await self._impl_obj.goto(
  File "/Users/hiroshi/cursor/projects/proline_extractor/.venv/lib/python3.9/site-packages/playwright/_impl/_page.py", line 552, in goto
    return await self._main_frame.goto(**locals_to_params(locals()))
  File "/Users/hiroshi/cursor/projects/proline_extractor/.venv/lib/python3.9/site-packages/playwright/_impl/_frame.py", line 153, in goto
    await self._channel.send(
  File "/Users/hiroshi/cursor/projects/proline_extractor/.venv/lib/python3.9/site-packages/playwright/_impl/_connection.py", line 69, in send
    return await self._connection.wrap_api_call(
  File "/Users/hiroshi/cursor/projects/proline_extractor/.venv/lib/python3.9/site-packages/playwright/_impl/_connection.py", line 559, in wrap_api_call
    raise rewrite_error(error, f"{parsed_st['apiName']}: {error}") from None
playwright._impl._errors.Error: Page.goto: net::ERR_INTERNET_DISCONNECTED at https://autosns.jp/select-user
Call log:
  - navigating to "https://autosns.jp/select-user", waiting until "domcontentloaded"

Traceback (most recent call last):
  File "/Users/hiroshi/cursor/projects/proline_extractor/extractor.py", line 137, in get_purchaser_count
    await page.goto("https://autosns.jp/select-user", wait_until="domcontentloaded", timeout=60000)
  File "/Users/hiroshi/cursor/projects/proline_extractor/.venv/lib/python3.9/site-packages/playwright/async_api/_generated.py", line 9041, in goto
    await self._impl_obj.goto(
  File "/Users/hiroshi/cursor/projects/proline_extractor/.venv/lib/python3.9/site-packages/playwright/_impl/_page.py", line 552, in goto
    return await self._main_frame.goto(**locals_to_params(locals()))
  File "/Users/hiroshi/cursor/projects/proline_extractor/.venv/lib/python3.9/site-packages/playwright/_impl/_frame.py", line 153, in goto
    await self._channel.send(
  File "/Users/hiroshi/cursor/projects/proline_extractor/.venv/lib/python3.9/site-packages/playwright/_impl/_connection.py", line 69, in send
    return await self._connection.wrap_api_call(
  File "/Users/hiroshi/cursor/projects/proline_extractor/.venv/lib/python3.9/site-packages/playwright/_impl/_connection.py", line 559, in wrap_api_call
    raise rewrite_error(error, f"{parsed_st['apiName']}: {error}") from None
playwright._impl._errors.Error: Page.goto: net::ERR_INTERNET_DISCONNECTED at https://autosns.jp/select-user
Call log:
  - navigating to "https://autosns.jp/select-user", waiting until "domcontentloaded"

==================================================
Proline KPI Export (Range: 45~15 days ago)
Time: 2026-05-11 09:00:00
==================================================

[1/3] Extracting KPI data from Proline...
=== Proline KPI Extractor (Range: 45~15 days ago) ===

--- Extracting Basic KPIs ---
Navigation warning: Page.goto: net::ERR_INTERNET_DISCONNECTED at https://autosns.jp/
Call log:
  - navigating to "https://autosns.jp/", waiting until "domcontentloaded"

Error extracting basic KPIs: Page.query_selector: Execution context was destroyed, most likely because of a navigation
Basic KPIs: {'days_from': 45, 'days_to': 15}

--- Extracting Friends Count (45~15 days ago) ---
Date range: 2026/03/27 ~ 2026/04/26
Navigating to user management page...
Error extracting friends count: Page.goto: net::ERR_INTERNET_DISCONNECTED at https://autosns.jp/select-user
Call log:
  - navigating to "https://autosns.jp/select-user", waiting until "domcontentloaded"

Could not extract friends count

--- Extracting Purchaser Count (45~15 days ago) ---
Date range: 2026/03/27 ~ 2026/04/26
Navigating to user management page...
Error extracting purchaser count: Page.goto: net::ERR_INTERNET_DISCONNECTED at https://autosns.jp/select-user
Call log:
  - navigating to "https://autosns.jp/select-user", waiting until "domcontentloaded"

Could not extract purchaser count

=== All KPIs extracted successfully ===
Output file: /Users/hiroshi/cursor/projects/proline_extractor/kpi_data.json
{
  "days_from": 45,
  "days_to": 15
}
Extracted: {
  "status": "success",
  "days_from": 45,
  "days_to": 15
}

[2/3] Connecting to Google Sheets...
ERROR: Failed to connect to Google Sheets: HTTPSConnectionPool(host='oauth2.googleapis.com', port=443): Max retries exceeded with url: /token (Caused by NameResolutionError("HTTPSConnection(host='oauth2.googleapis.com', port=443): Failed to resolve 'oauth2.googleapis.com' ([Errno 8] nodename nor servname provided, or not known)"))
/Users/hiroshi/cursor/projects/proline_extractor/.venv/lib/python3.9/site-packages/google/auth/__init__.py:54: FutureWarning: 
    You are using a Python version 3.9 past its end of life. Google will update
    google-auth with critical bug fixes on a best-effort basis, but not
    with any other fixes or features. Please upgrade your Python version,
    and then update google-auth.
    
  warnings.warn(eol_message.format("3.9"), FutureWarning)
/Users/hiroshi/cursor/projects/proline_extractor/.venv/lib/python3.9/site-packages/google/oauth2/__init__.py:40: FutureWarning: 
    You are using a Python version 3.9 past its end of life. Google will update
    google-auth with critical bug fixes on a best-effort basis, but not
    with any other fixes or features. Please upgrade your Python version,
    and then update google-auth.
    
  warnings.warn(eol_message.format("3.9"), FutureWarning)
/Users/hiroshi/cursor/projects/proline_extractor/.venv/lib/python3.9/site-packages/urllib3/__init__.py:35: NotOpenSSLWarning: urllib3 v2 only supports OpenSSL 1.1.1+, currently the 'ssl' module is compiled with 'LibreSSL 2.8.3'. See: https://github.com/urllib3/urllib3/issues/3020
  warnings.warn(
/Users/hiroshi/cursor/projects/proline_extractor/sheets_export.py:68: DeprecationWarning: The order of arguments in worksheet.update() has changed. Please pass values first and range_name secondor used named arguments (range_name=, values=)
  worksheet.update('A1:F1', [headers])
==================================================
Proline KPI Export (Range: 45~15 days ago)
Time: 2026-05-18 09:00:02
==================================================

[1/3] Extracting KPI data from Proline...
=== Proline KPI Extractor (Range: 45~15 days ago) ===

--- Extracting Basic KPIs ---
Basic KPIs: {'days_from': 45, 'days_to': 15}

--- Extracting Friends Count (45~15 days ago) ---
Date range: 2026/04/03 ~ 2026/05/03
Navigating to user management page...
Setting date filters...
Waiting for results...
Debug screenshot saved to: /Users/hiroshi/cursor/projects/proline_extractor/friends_debug.png
Could not extract friends count

--- Extracting Purchaser Count (45~15 days ago) ---
Date range: 2026/04/03 ~ 2026/05/03
Navigating to user management page...
Setting date filters...
Opening tag selection modal...
Modal open clicked: False
Selecting '購入者' tag...
Tag selection result: not_found
Saving selection...
Save button clicked: False
Could not extract purchaser count

=== All KPIs extracted successfully ===
Output file: /Users/hiroshi/cursor/projects/proline_extractor/kpi_data.json
{
  "days_from": 45,
  "days_to": 15
}
Extracted: {
  "status": "success",
  "days_from": 45,
  "days_to": 15
}

[2/3] Connecting to Google Sheets...
Updating headers to match new format...
Connected to: プロライン数字とり

[3/3] Appending data to spreadsheet...
Added row: ['2026-05-18 09:00', '', 0, 0, '0%', '45-15 days ago']
SUCCESS: Data exported to Google Sheets!

==================================================
Export completed successfully!
==================================================
